<?xml version="1.0" encoding="utf-8"?><testsuite errors="0" failures="0" name="pytest" skips="0" tests="3" time="0.094"><testcase classname="main.TestStringMethods" file="main.py" line="7" name="test_isupper" time="0.004002571105957031"></testcase><testcase classname="main.TestStringMethods" file="main.py" line="11" name="test_split" time="0.001500844955444336"></testcase><testcase classname="main.TestStringMethods" file="main.py" line="4" name="test_upper" time="0.0015015602111816406"></testcase></testsuite>